src/components/BrandsTable.tsx(87,11): error TS6133: 'hiddenOnMobile' is declared but its value is never read.
src/hooks/useBrandForm.ts(2,20): error TS6133: 'useEffect' is declared but its value is never read.
src/hooks/useBrandForm.ts(6,1): error TS6133: 'productApi' is declared but its value is never read.
src/hooks/useBrandForm.ts(21,12): error TS6133: 'categories' is declared but its value is never read.
src/hooks/useBrandForm.ts(21,24): error TS6133: 'setCategories' is declared but its value is never read.
src/hooks/useBrandForm.ts(22,12): error TS6133: 'subCategories' is declared but its value is never read.
src/hooks/useBrandForm.ts(22,27): error TS6133: 'setSubCategories' is declared but its value is never read.
src/hooks/useBrandForm.ts(23,12): error TS6133: 'filteredSubCategories' is declared but its value is never read.
src/hooks/useBrandForm.ts(23,35): error TS6133: 'setFilteredSubCategories' is declared but its value is never read.
src/hooks/useDisableBrand.ts(16,52): error TS2353: Object literal may only specify known properties, and 'status' does not exist in type '{ name: string; }'.
src/pages/brands/CreateBrandPage.tsx(1,8): error TS6133: 'React' is declared but its value is never read.
src/pages/brands/EditBrandPage.tsx(1,20): error TS6133: 'useEffect' is declared but its value is never read.
src/pages/brands/EditBrandPage.tsx(6,1): error TS6133: 'brandApi' is declared but its value is never read.
